Archive member included to satisfy reference by file (symbol)

C:/Users/Maria Diaz/Documents/embebidos/STM32CubeIDE_1.19.0/STM32CubeIDE/plugins/com.st.stm32cube.ide.mcu.externaltools.gnu-tools-for-stm32.13.3.rel1.win32_1.0.0.202411081344/tools/bin/../lib/gcc/arm-none-eabi/13.3.1/../../../../arm-none-eabi/lib/thumb/v7-m/nofp\libc_nano.a(libc_a-exit.o)
                              C:/Users/Maria Diaz/Documents/embebidos/STM32CubeIDE_1.19.0/STM32CubeIDE/plugins/com.st.stm32cube.ide.mcu.externaltools.gnu-tools-for-stm32.13.3.rel1.win32_1.0.0.202411081344/tools/bin/../lib/gcc/arm-none-eabi/13.3.1/../../../../arm-none-eabi/lib/thumb/v7-m/nofp/crt0.o (exit)
C:/Users/Maria Diaz/Documents/embebidos/STM32CubeIDE_1.19.0/STM32CubeIDE/plugins/com.st.stm32cube.ide.mcu.externaltools.gnu-tools-for-stm32.13.3.rel1.win32_1.0.0.202411081344/tools/bin/../lib/gcc/arm-none-eabi/13.3.1/../../../../arm-none-eabi/lib/thumb/v7-m/nofp\libc_nano.a(libc_a-findfp.o)
                              C:/Users/Maria Diaz/Documents/embebidos/STM32CubeIDE_1.19.0/STM32CubeIDE/plugins/com.st.stm32cube.ide.mcu.externaltools.gnu-tools-for-stm32.13.3.rel1.win32_1.0.0.202411081344/tools/bin/../lib/gcc/arm-none-eabi/13.3.1/../../../../arm-none-eabi/lib/thumb/v7-m/nofp\libc_nano.a(libc_a-exit.o) (__stdio_exit_handler)
C:/Users/Maria Diaz/Documents/embebidos/STM32CubeIDE_1.19.0/STM32CubeIDE/plugins/com.st.stm32cube.ide.mcu.externaltools.gnu-tools-for-stm32.13.3.rel1.win32_1.0.0.202411081344/tools/bin/../lib/gcc/arm-none-eabi/13.3.1/../../../../arm-none-eabi/lib/thumb/v7-m/nofp\libc_nano.a(libc_a-fwalk.o)
                              C:/Users/Maria Diaz/Documents/embebidos/STM32CubeIDE_1.19.0/STM32CubeIDE/plugins/com.st.stm32cube.ide.mcu.externaltools.gnu-tools-for-stm32.13.3.rel1.win32_1.0.0.202411081344/tools/bin/../lib/gcc/arm-none-eabi/13.3.1/../../../../arm-none-eabi/lib/thumb/v7-m/nofp\libc_nano.a(libc_a-findfp.o) (_fwalk_sglue)
C:/Users/Maria Diaz/Documents/embebidos/STM32CubeIDE_1.19.0/STM32CubeIDE/plugins/com.st.stm32cube.ide.mcu.externaltools.gnu-tools-for-stm32.13.3.rel1.win32_1.0.0.202411081344/tools/bin/../lib/gcc/arm-none-eabi/13.3.1/../../../../arm-none-eabi/lib/thumb/v7-m/nofp\libc_nano.a(libc_a-stdio.o)
                              C:/Users/Maria Diaz/Documents/embebidos/STM32CubeIDE_1.19.0/STM32CubeIDE/plugins/com.st.stm32cube.ide.mcu.externaltools.gnu-tools-for-stm32.13.3.rel1.win32_1.0.0.202411081344/tools/bin/../lib/gcc/arm-none-eabi/13.3.1/../../../../arm-none-eabi/lib/thumb/v7-m/nofp\libc_nano.a(libc_a-findfp.o) (__sread)
C:/Users/Maria Diaz/Documents/embebidos/STM32CubeIDE_1.19.0/STM32CubeIDE/plugins/com.st.stm32cube.ide.mcu.externaltools.gnu-tools-for-stm32.13.3.rel1.win32_1.0.0.202411081344/tools/bin/../lib/gcc/arm-none-eabi/13.3.1/../../../../arm-none-eabi/lib/thumb/v7-m/nofp\libc_nano.a(libc_a-memset.o)
                              C:/Users/Maria Diaz/Documents/embebidos/STM32CubeIDE_1.19.0/STM32CubeIDE/plugins/com.st.stm32cube.ide.mcu.externaltools.gnu-tools-for-stm32.13.3.rel1.win32_1.0.0.202411081344/tools/bin/../lib/gcc/arm-none-eabi/13.3.1/../../../../arm-none-eabi/lib/thumb/v7-m/nofp/crt0.o (memset)
C:/Users/Maria Diaz/Documents/embebidos/STM32CubeIDE_1.19.0/STM32CubeIDE/plugins/com.st.stm32cube.ide.mcu.externaltools.gnu-tools-for-stm32.13.3.rel1.win32_1.0.0.202411081344/tools/bin/../lib/gcc/arm-none-eabi/13.3.1/../../../../arm-none-eabi/lib/thumb/v7-m/nofp\libc_nano.a(libc_a-closer.o)
                              C:/Users/Maria Diaz/Documents/embebidos/STM32CubeIDE_1.19.0/STM32CubeIDE/plugins/com.st.stm32cube.ide.mcu.externaltools.gnu-tools-for-stm32.13.3.rel1.win32_1.0.0.202411081344/tools/bin/../lib/gcc/arm-none-eabi/13.3.1/../../../../arm-none-eabi/lib/thumb/v7-m/nofp\libc_nano.a(libc_a-stdio.o) (_close_r)
C:/Users/Maria Diaz/Documents/embebidos/STM32CubeIDE_1.19.0/STM32CubeIDE/plugins/com.st.stm32cube.ide.mcu.externaltools.gnu-tools-for-stm32.13.3.rel1.win32_1.0.0.202411081344/tools/bin/../lib/gcc/arm-none-eabi/13.3.1/../../../../arm-none-eabi/lib/thumb/v7-m/nofp\libc_nano.a(libc_a-reent.o)
                              C:/Users/Maria Diaz/Documents/embebidos/STM32CubeIDE_1.19.0/STM32CubeIDE/plugins/com.st.stm32cube.ide.mcu.externaltools.gnu-tools-for-stm32.13.3.rel1.win32_1.0.0.202411081344/tools/bin/../lib/gcc/arm-none-eabi/13.3.1/../../../../arm-none-eabi/lib/thumb/v7-m/nofp\libc_nano.a(libc_a-closer.o) (errno)
C:/Users/Maria Diaz/Documents/embebidos/STM32CubeIDE_1.19.0/STM32CubeIDE/plugins/com.st.stm32cube.ide.mcu.externaltools.gnu-tools-for-stm32.13.3.rel1.win32_1.0.0.202411081344/tools/bin/../lib/gcc/arm-none-eabi/13.3.1/../../../../arm-none-eabi/lib/thumb/v7-m/nofp\libc_nano.a(libc_a-impure.o)
[...]
Memory Configuration

Name             Origin             Length             Attributes
RAM              0x20000000         0x00005000         xrw
FLASH            0x08000000         0x00020000         xr
*default*        0x00000000         0xffffffff

Linker script and memory map

LOAD C:/Users/Maria Diaz/Documents/embebidos/STM32CubeIDE_1.19.0/STM32CubeIDE/plugins/com.st.stm32cube.ide.mcu.externaltools.gnu-tools-for-stm32.13.3.rel1.win32_1.0.0.202411081344/tools/bin/../lib/gcc/arm-none-eabi/13.3.1/thumb/v7-m/nofp/crti.o
LOAD C:/Users/Maria Diaz/Documents/embebidos/STM32CubeIDE_1.19.0/STM32CubeIDE/plugins/com.st.stm32cube.ide.mcu.externaltools.gnu-tools-for-stm32.13.3.rel1.win32_1.0.0.202411081344/tools/bin/../lib/gcc/arm-none-eabi/13.3.1/thumb/v7-m/nofp/crtbegin.o
LOAD C:/Users/Maria Diaz/Documents/embebidos/STM32CubeIDE_1.19.0/STM32CubeIDE/plugins/com.st.stm32cube.ide.mcu.externaltools.gnu-tools-for-stm32.13.3.rel1.win32_1.0.0.202411081344/tools/bin/../lib/gcc/arm-none-eabi/13.3.1/../../../../arm-none-eabi/lib/thumb/v7-m/nofp/crt0.o
LOAD ./Core/Src/main.o
LOAD ./Core/Src/stm32f1xx_hal_msp.o
LOAD ./Core/Src/stm32f1xx_it.o
LOAD ./Core/Src/syscalls.o
LOAD ./Core/Src/sysmem.o
LOAD ./Core/Src/system_stm32f1xx.o
LOAD ./Core/Startup/startup_stm32f103rbtx.o
LOAD ./Drivers/STM32F1xx_HAL_Driver/Src/stm32f1xx_hal.o
LOAD ./Drivers/STM32F1xx_HAL_Driver/Src/stm32f1xx_hal_adc.o
LOAD ./Drivers/STM32F1xx_HAL_Driver/Src/stm32f1xx_hal_adc_ex.o
LOAD ./Drivers/STM32F1xx_HAL_Driver/Src/stm32f1xx_hal_cortex.o
LOAD ./Drivers/STM32F1xx_HAL_Driver/Src/stm32f1xx_hal_dma.o
LOAD ./Drivers/STM32F1xx_HAL_Driver/Src/stm32f1xx_hal_exti.o
LOAD ./Drivers/STM32F1xx_HAL_Driver/Src/stm32f1xx_hal_flash.o
LOAD ./Drivers/STM32F1xx_HAL_Driver/Src/stm32f1xx_hal_flash_ex.o
LOAD ./Drivers/STM32F1xx_HAL_Driver/Src/stm32f1xx_hal_gpio.o
LOAD ./Drivers/STM32F1xx_HAL_Driver/Src/stm32f1xx_hal_gpio_ex.o
LOAD ./Drivers/STM32F1xx_HAL_Driver/Src/stm32f1xx_hal_pwr.o
LOAD ./Drivers/STM32F1xx_HAL_Driver/Src/stm32f1xx_hal_rcc.o
LOAD ./Drivers/STM32F1xx_HAL_Driver/Src/stm32f1xx_hal_rcc_ex.o
LOAD ./Drivers/STM32F1xx_HAL_Driver/Src/stm32f1xx_hal_uart.o
LOAD ./app/app_main.o
LOAD ./app/modes/mode_manager.o
LOAD ./hardware/buttons/dip_switch.o
START GROUP
LOAD C:/Users/Maria Diaz/Documents/embebidos/STM32CubeIDE_1.19.0/STM32CubeIDE/plugins/com.st.stm32cube.ide.mcu.externaltools.gnu-tools-for-stm32.13.3.rel1.win32_1.0.0.202411081344/tools/bin/../lib/gcc/arm-none-eabi/13.3.1/../../../../arm-none-eabi/lib/thumb/v7-m/nofp\libc_nano.a
LOAD C:/Users/Maria Diaz/Documents/embebidos/STM32CubeIDE_1.19.0/STM32CubeIDE/plugins/com.st.stm32cube.ide.mcu.externaltools.gnu-tools-for-stm32.13.3.rel1.win32_1.0.0.202411081344/tools/bin/../lib/gcc/arm-none-eabi/13.3.1/../../../../arm-none-eabi/lib/thumb/v7-m/nofp\libm.a
END GROUP
START GROUP
LOAD C:/Users/Maria Diaz/Documents/embebidos/STM32CubeIDE_1.19.0/STM32CubeIDE/plugins/com.st.stm32cube.ide.mcu.externaltools.gnu-tools-for-stm32.13.3.rel1.win32_1.0.0.202411081344/tools/bin/../lib/gcc/arm-none-eabi/13.3.1/thumb/v7-m/nofp\libgcc.a
LOAD C:/Users/Maria Diaz/Documents/embebidos/STM32CubeIDE_1.19.0/STM32CubeIDE/plugins/com.st.stm32cube.ide.mcu.externaltools.gnu-tools-for-stm32.13.3.rel1.win32_1.0.0.202411081344/tools/bin/../lib/gcc/arm-none-eabi/13.3.1/../../../../arm-none-eabi/lib/thumb/v7-m/nofp\libc_nano.a
END GROUP
START GROUP
LOAD C:/Users/Maria Diaz/Documents/embebidos/STM32CubeIDE_1.19.0/STM32CubeIDE/plugins/com.st.stm32cube.ide.mcu.externaltools.gnu-tools-for-stm32.13.3.rel1.win32_1.0.0.202411081344/tools/bin/../lib/gcc/arm-none-eabi/13.3.1/thumb/v7-m/nofp\libgcc.a
LOAD C:/Users/Maria Diaz/Documents/embebidos/STM32CubeIDE_1.19.0/STM32CubeIDE/plugins/com.st.stm32cube.ide.mcu.externaltools.gnu-tools-for-stm32.13.3.rel1.win32_1.0.0.202411081344/tools/bin/../lib/gcc/arm-none-eabi/13.3.1/../../../../arm-none-eabi/lib/thumb/v7-m/nofp\libc_nano.a
LOAD C:/Users/Maria Diaz/Documents/embebidos/STM32CubeIDE_1.19.0/STM32CubeIDE/plugins/com.st.stm32cube.ide.mcu.externaltools.gnu-tools-for-stm32.13.3.rel1.win32_1.0.0.202411081344/tools/bin/../lib/gcc/arm-none-eabi/13.3.1/../../../../arm-none-eabi/lib/thumb/v7-m/nofp\libnosys.a
END GROUP
START GROUP
LOAD C:/Users/Maria Diaz/Documents/embebidos/STM32CubeIDE_1.19.0/STM32CubeIDE/plugins/com.st.stm32cube.ide.mcu.externaltools.gnu-tools-for-stm32.13.3.rel1.win32_1.0.0.202411081344/tools/bin/../lib/gcc/arm-none-eabi/13.3.1/thumb/v7-m/nofp\libgcc.a
LOAD C:/Users/Maria Diaz/Documents/embebidos/STM32CubeIDE_1.19.0/STM32CubeIDE/plugins/com.st.stm32cube.ide.mcu.externaltools.gnu-tools-for-stm32.13.3.rel1.win32_1.0.0.202411081344/tools/bin/../lib/gcc/arm-none-eabi/13.3.1/../../../../arm-none-eabi/lib/thumb/v7-m/nofp\libc_nano.a
LOAD C:/Users/Maria Diaz/Documents/embebidos/STM32CubeIDE_1.19.0/STM32CubeIDE/plugins/com.st.stm32cube.ide.mcu.externaltools.gnu-tools-for-stm32.13.3.rel1.win32_1.0.0.202411081344/tools/bin/../lib/gcc/arm-none-eabi/13.3.1/../../../../arm-none-eabi/lib/thumb/v7-m/nofp\libnosys.a
END GROUP
LOAD C:/Users/Maria Diaz/Documents/embebidos/STM32CubeIDE_1.19.0/STM32CubeIDE/plugins/com.st.stm32cube.ide.mcu.externaltools.gnu-tools-for-stm32.13.3.rel1.win32_1.0.0.202411081344/tools/bin/../lib/gcc/arm-none-eabi/13.3.1/thumb/v7-m/nofp/crtend.o
LOAD C:/Users/Maria Diaz/Documents/embebidos/STM32CubeIDE_1.19.0/STM32CubeIDE/plugins/com.st.stm32cube.ide.mcu.externaltools.gnu-tools-for-stm32.13.3.rel1.win32_1.0.0.202411081344/tools/bin/../lib/gcc/arm-none-eabi/13.3.1/thumb/v7-m/nofp/crtn.o
                0x20005000                        _estack = (ORIGIN (RAM) + LENGTH (RAM))
                0x00000200                        _Min_Heap_Size = 0x200
                0x00000400                        _Min_Stack_Size = 0x400

.isr_vector     0x08000000      0x10c
                0x08000000                        . = ALIGN (0x4)
 *(.isr_vector)
 .isr_vector    0x08000000      0x10c ./Core/Startup/startup_stm32f103rbtx.o
                0x08000000                g_pfnVectors
                0x0800010c                        . = ALIGN (0x4)

.text           0x0800010c     0x1c78
                0x0800010c                        . = ALIGN (0x4)
 *(.text)
 .text          0x0800010c       0x40 C:/Users/Maria Diaz/Documents/embebidos/STM32CubeIDE_1.19.0/STM32CubeIDE/plugins/com.st.stm32cube.ide.mcu.externaltools.gnu-tools-for-stm32.13.3.rel1.win32_1.0.0.202411081344/tools/bin/../lib/gcc/arm-none-eabi/13.3.1/thumb/v7-m/nofp/crtbegin.o
 *(.text*)
 .text.main     0x0800014c       0x22 ./Core/Src/main.o
                0x0800014c                main
 .text.SystemClock_Config
                0x0800016e       0xaa ./Core/Src/main.o
                0x0800016e                SystemClock_Config
 .text.MX_ADC1_Init
                0x08000218       0x7c ./Core/Src/main.o
 .text.MX_USART2_UART_Init
                0x08000294       0x54 ./Core/Src/main.o
 .text.MX_GPIO_Init
                0x080002e8      0x110 ./Core/Src/main.o
 .text.Error_Handler
                0x080003f8        0xc ./Core/Src/main.o
                0x080003f8                Error_Handler
 .text.HAL_MspInit
                0x08000404       0x64 ./Core/Src/stm32f1xx_hal_msp.o
                0x08000404                HAL_MspInit
 .text.HAL_ADC_MspInit
                0x08000468       0x78 ./Core/Src/stm32f1xx_hal_msp.o
                0x08000468                HAL_ADC_MspInit
 .text.HAL_UART_MspInit
                0x080004e0       0x7c ./Core/Src/stm32f1xx_hal_msp.o
                0x080004e0                HAL_UART_MspInit
 .text.NMI_Handler
                0x0800055c        0x8 ./Core/Src/stm32f1xx_it.o
                0x0800055c                NMI_Handler
 .text.HardFault_Handler
                0x08000564        0x8 ./Core/Src/stm32f1xx_it.o
                0x08000564                HardFault_Handler
 .text.MemManage_Handler
                0x0800056c        0x8 ./Core/Src/stm32f1xx_it.o
                0x0800056c                MemManage_Handler
 .text.BusFault_Handler
                0x08000574        0x8 ./Core/Src/stm32f1xx_it.o
                0x08000574                BusFault_Handler
 .text.UsageFault_Handler
                0x0800057c        0x8 ./Core/Src/stm32f1xx_it.o
                0x0800057c                UsageFault_Handler
 .text.SVC_Handler
                0x08000584        0xc ./Core/Src/stm32f1xx_it.o
                0x08000584                SVC_Handler
 .text.DebugMon_Handler
                0x08000590        0xc ./Core/Src/stm32f1xx_it.o
                0x08000590                DebugMon_Handler
 .text.PendSV_Handler
                0x0800059c        0xc ./Core/Src/stm32f1xx_it.o
                0x0800059c                PendSV_Handler
 .text.SysTick_Handler
                0x080005a8        0xc ./Core/Src/stm32f1xx_it.o
                0x080005a8                SysTick_Handler
 .text.EXTI15_10_IRQHandler
                0x080005b4       0x10 ./Core/Src/stm32f1xx_it.o
                0x080005b4                EXTI15_10_IRQHandler
 .text.SystemInit
                0x080005c4        0xc ./Core/Src/system_stm32f1xx.o
                0x080005c4                SystemInit
 .text.Reset_Handler
                0x080005d0       0x48 ./Core/Startup/startup_stm32f103rbtx.o
                0x080005d0                Reset_Handler
 .text.Default_Handler
                0x08000618        0x2 ./Core/Startup/startup_stm32f103rbtx.o
                0x08000618                RTC_Alarm_IRQHandler
                0x08000618                EXTI2_IRQHandler
                0x08000618                TIM1_CC_IRQHandler
                0x08000618                PVD_IRQHandler
                0x08000618                EXTI3_IRQHandler
                0x08000618                EXTI0_IRQHandler
                0x08000618                I2C2_EV_IRQHandler
                0x08000618                ADC1_2_IRQHandler
                0x08000618                SPI1_IRQHandler
                0x08000618                TAMPER_IRQHandler
                0x08000618                DMA1_Channel4_IRQHandler
                0x08000618                USART3_IRQHandler
                0x08000618                RTC_IRQHandler
                0x08000618                DMA1_Channel7_IRQHandler
                0x08000618                CAN1_RX1_IRQHandler
                0x08000618                TIM4_IRQHandler
                0x08000618                I2C1_EV_IRQHandler
                0x08000618                DMA1_Channel6_IRQHandler
                0x08000618                TIM3_IRQHandler
                0x08000618                RCC_IRQHandler
                0x08000618                TIM1_TRG_COM_IRQHandler
                0x08000618                DMA1_Channel1_IRQHandler
                0x08000618                Default_Handler
                0x08000618                EXTI9_5_IRQHandler
                0x08000618                SPI2_IRQHandler
                0x08000618                DMA1_Channel5_IRQHandler
                0x08000618                EXTI4_IRQHandler
                0x08000618                USB_LP_CAN1_RX0_IRQHandler
                0x08000618                USB_HP_CAN1_TX_IRQHandler
                0x08000618                DMA1_Channel3_IRQHandler
                0x08000618                TIM1_UP_IRQHandler
                0x08000618                WWDG_IRQHandler
                0x08000618                TIM2_IRQHandler
                0x08000618                TIM1_BRK_IRQHandler
                0x08000618                EXTI1_IRQHandler
                0x08000618                USART2_IRQHandler
                0x08000618                I2C2_ER_IRQHandler
                0x08000618                DMA1_Channel2_IRQHandler
                0x08000618                CAN1_SCE_IRQHandler
                0x08000618                FLASH_IRQHandler
                0x08000618                USART1_IRQHandler
                0x08000618                I2C1_ER_IRQHandler
                0x08000618                USBWakeUp_IRQHandler
 *fill*         0x0800061a        0x2 
 .text.HAL_Init
                0x0800061c       0x2c ./Drivers/STM32F1xx_HAL_Driver/Src/stm32f1xx_hal.o
                0x0800061c                HAL_Init
 .text.HAL_InitTick
                0x08000648       0x60 ./Drivers/STM32F1xx_HAL_Driver/Src/stm32f1xx_hal.o
                0x08000648                HAL_InitTick
 .text.HAL_IncTick
                0x080006a8       0x24 ./Drivers/STM32F1xx_HAL_Driver/Src/stm32f1xx_hal.o
                0x080006a8                HAL_IncTick
 .text.HAL_GetTick
                0x080006cc       0x14 ./Drivers/STM32F1xx_HAL_Driver/Src/stm32f1xx_hal.o
                0x080006cc                HAL_GetTick
 .text.HAL_ADC_Init
                0x080006e0      0x1b0 ./Drivers/STM32F1xx_HAL_Driver/Src/stm32f1xx_hal_adc.o
                0x080006e0                HAL_ADC_Init
 .text.HAL_ADC_ConfigChannel
                0x08000890      0x1f0 ./Drivers/STM32F1xx_HAL_Driver/Src/stm32f1xx_hal_adc.o
                0x08000890                HAL_ADC_ConfigChannel
 .text.ADC_ConversionStop_Disable
                0x08000a80       0x82 ./Drivers/STM32F1xx_HAL_Driver/Src/stm32f1xx_hal_adc.o
                0x08000a80                ADC_ConversionStop_Disable
 *fill*         0x08000b02        0x2 
 .text.__NVIC_SetPriorityGrouping
                0x08000b04       0x48 ./Drivers/STM32F1xx_HAL_Driver/Src/stm32f1xx_hal_cortex.o
 .text.__NVIC_GetPriorityGrouping
                0x08000b4c       0x1c ./Drivers/STM32F1xx_HAL_Driver/Src/stm32f1xx_hal_cortex.o
 .text.__NVIC_EnableIRQ
                0x08000b68       0x38 ./Drivers/STM32F1xx_HAL_Driver/Src/stm32f1xx_hal_cortex.o
 .text.__NVIC_SetPriority
                0x08000ba0       0x54 ./Drivers/STM32F1xx_HAL_Driver/Src/stm32f1xx_hal_cortex.o
 .text.NVIC_EncodePriority
                0x08000bf4       0x64 ./Drivers/STM32F1xx_HAL_Driver/Src/stm32f1xx_hal_cortex.o
 .text.SysTick_Config
                0x08000c58       0x44 ./Drivers/STM32F1xx_HAL_Driver/Src/stm32f1xx_hal_cortex.o
 .text.HAL_NVIC_SetPriorityGrouping
                0x08000c9c       0x16 ./Drivers/STM32F1xx_HAL_Driver/Src/stm32f1xx_hal_cortex.o
                0x08000c9c                HAL_NVIC_SetPriorityGrouping
 .text.HAL_NVIC_SetPriority
                0x08000cb2       0x38 ./Drivers/STM32F1xx_HAL_Driver/Src/stm32f1xx_hal_cortex.o
                0x08000cb2                HAL_NVIC_SetPriority
 .text.HAL_NVIC_EnableIRQ
                0x08000cea       0x1c ./Drivers/STM32F1xx_HAL_Driver/Src/stm32f1xx_hal_cortex.o
                0x08000cea                HAL_NVIC_EnableIRQ
 .text.HAL_SYSTICK_Config
                0x08000d06       0x18 ./Drivers/STM32F1xx_HAL_Driver/Src/stm32f1xx_hal_cortex.o
                0x08000d06                HAL_SYSTICK_Config
 *fill*         0x08000d1e        0x2 
 .text.HAL_GPIO_Init
                0x08000d20      0x308 ./Drivers/STM32F1xx_HAL_Driver/Src/stm32f1xx_hal_gpio.o
                0x08000d20                HAL_GPIO_Init
 .text.HAL_GPIO_ReadPin
                0x08001028       0x2e ./Drivers/STM32F1xx_HAL_Driver/Src/stm32f1xx_hal_gpio.o
                0x08001028                HAL_GPIO_ReadPin
 .text.HAL_GPIO_WritePin
                0x08001056       0x30 ./Drivers/STM32F1xx_HAL_Driver/Src/stm32f1xx_hal_gpio.o
                0x08001056                HAL_GPIO_WritePin
 *fill*         0x08001086        0x2 
 .text.HAL_GPIO_EXTI_IRQHandler
                0x08001088       0x30 ./Drivers/STM32F1xx_HAL_Driver/Src/stm32f1xx_hal_gpio.o
                0x08001088                HAL_GPIO_EXTI_IRQHandler
 .text.HAL_GPIO_EXTI_Callback
                0x080010b8       0x14 ./Drivers/STM32F1xx_HAL_Driver/Src/stm32f1xx_hal_gpio.o
                0x080010b8                HAL_GPIO_EXTI_Callback
 .text.HAL_RCC_OscConfig
                0x080010cc      0x504 ./Drivers/STM32F1xx_HAL_Driver/Src/stm32f1xx_hal_rcc.o
                0x080010cc                HAL_RCC_OscConfig
 .text.HAL_RCC_ClockConfig
                0x080015d0      0x1d4 ./Drivers/STM32F1xx_HAL_Driver/Src/stm32f1xx_hal_rcc.o
                0x080015d0                HAL_RCC_ClockConfig
 .text.HAL_RCC_GetSysClockFreq
                0x080017a4       0xa8 ./Drivers/STM32F1xx_HAL_Driver/Src/stm32f1xx_hal_rcc.o
                0x080017a4                HAL_RCC_GetSysClockFreq
 .text.HAL_RCC_GetHCLKFreq
                0x0800184c       0x14 ./Drivers/STM32F1xx_HAL_Driver/Src/stm32f1xx_hal_rcc.o
                0x0800184c                HAL_RCC_GetHCLKFreq
 .text.HAL_RCC_GetPCLK1Freq
                0x08001860       0x28 ./Drivers/STM32F1xx_HAL_Driver/Src/stm32f1xx_hal_rcc.o
                0x08001860                HAL_RCC_GetPCLK1Freq
 .text.HAL_RCC_GetPCLK2Freq
                0x08001888       0x28 ./Drivers/STM32F1xx_HAL_Driver/Src/stm32f1xx_hal_rcc.o
                0x08001888                HAL_RCC_GetPCLK2Freq
 .text.RCC_Delay
                0x080018b0       0x3c ./Drivers/STM32F1xx_HAL_Driver/Src/stm32f1xx_hal_rcc.o
 .text.HAL_RCCEx_PeriphCLKConfig
                0x080018ec      0x16c ./Drivers/STM32F1xx_HAL_Driver/Src/stm32f1xx_hal_rcc_ex.o
                0x080018ec                HAL_RCCEx_PeriphCLKConfig
 .text.HAL_UART_Init
                0x08001a58       0xa0 ./Drivers/STM32F1xx_HAL_Driver/Src/stm32f1xx_hal_uart.o
                0x08001a58                HAL_UART_Init
 .text.UART_SetConfig
                0x08001af8      0x11c ./Drivers/STM32F1xx_HAL_Driver/Src/stm32f1xx_hal_uart.o
 .text.App_Init
                0x08001c14        0xc ./app/app_main.o
                0x08001c14                App_Init
 .text.App_Loop
                0x08001c20        0xc ./app/app_main.o
                0x08001c20                App_Loop
 .text.Mode_Init
                0x08001c2c       0x18 ./app/modes/mode_manager.o
                0x08001c2c                Mode_Init
 .text.Mode_Update
                0x08001c44       0x70 ./app/modes/mode_manager.o
                0x08001c44                Mode_Update
 .text.DipSwitch_Read
                0x08001cb4       0x60 ./hardware/buttons/dip_switch.o
                0x08001cb4                DipSwitch_Read
 .text.memset   0x08001d14       0x10 C:/Users/Maria Diaz/Documents/embebidos/STM32CubeIDE_1.19.0/STM32CubeIDE/plugins/com.st.stm32cube.ide.mcu.externaltools.gnu-tools-for-stm32.13.3.rel1.win32_1.0.0.202411081344/tools/bin/../lib/gcc/arm-none-eabi/13.3.1/../../../../arm-none-eabi/lib/thumb/v7-m/nofp\libc_nano.a(libc_a-memset.o)
                0x08001d14                memset
 .text.__libc_init_array
                0x08001d24       0x48 C:/Users/Maria Diaz/Documents/embebidos/STM32CubeIDE_1.19.0/STM32CubeIDE/plugins/com.st.stm32cube.ide.mcu.externaltools.gnu-tools-for-stm32.13.3.rel1.win32_1.0.0.202411081344/tools/bin/../lib/gcc/arm-none-eabi/13.3.1/../../../../arm-none-eabi/lib/thumb/v7-m/nofp\libc_nano.a(libc_a-init.o)
                0x08001d24                __libc_init_array
 *(.glue_7)
 .glue_7        0x08001d6c        0x0 linker stubs
 *(.glue_7t)
 .glue_7t       0x08001d6c        0x0 linker stubs
 *(.eh_frame)
 .eh_frame      0x08001d6c        0x0 C:/Users/Maria Diaz/Documents/embebidos/STM32CubeIDE_1.19.0/STM32CubeIDE/plugins/com.st.stm32cube.ide.mcu.externaltools.gnu-tools-for-stm32.13.3.rel1.win32_1.0.0.202411081344/tools/bin/../lib/gcc/arm-none-eabi/13.3.1/thumb/v7-m/nofp/crtbegin.o
 *(.init)
 .init          0x08001d6c        0x4 C:/Users/Maria Diaz/Documents/embebidos/STM32CubeIDE_1.19.0/STM32CubeIDE/plugins/com.st.stm32cube.ide.mcu.externaltools.gnu-tools-for-stm32.13.3.rel1.win32_1.0.0.202411081344/tools/bin/../lib/gcc/arm-none-eabi/13.3.1/thumb/v7-m/nofp/crti.o
                0x08001d6c                _init
 .init          0x08001d70        0x8 C:/Users/Maria Diaz/Documents/embebidos/STM32CubeIDE_1.19.0/STM32CubeIDE/plugins/com.st.stm32cube.ide.mcu.externaltools.gnu-tools-for-stm32.13.3.rel1.win32_1.0.0.202411081344/tools/bin/../lib/gcc/arm-none-eabi/13.3.1/thumb/v7-m/nofp/crtn.o
 *(.fini)
 .fini          0x08001d78        0x4 C:/Users/Maria Diaz/Documents/embebidos/STM32CubeIDE_1.19.0/STM32CubeIDE/plugins/com.st.stm32cube.ide.mcu.externaltools.gnu-tools-for-stm32.13.3.rel1.win32_1.0.0.202411081344/tools/bin/../lib/gcc/arm-none-eabi/13.3.1/thumb/v7-m/nofp/crti.o
                0x08001d78                _fini
 .fini          0x08001d7c        0x8 C:/Users/Maria Diaz/Documents/embebidos/STM32CubeIDE_1.19.0/STM32CubeIDE/plugins/com.st.stm32cube.ide.mcu.externaltools.gnu-tools-for-stm32.13.3.rel1.win32_1.0.0.202411081344/tools/bin/../lib/gcc/arm-none-eabi/13.3.1/thumb/v7-m/nofp/crtn.o
                0x08001d84                        . = ALIGN (0x4)
                0x08001d84                        _etext = .

.vfp11_veneer   0x08001d84        0x0
 .vfp11_veneer  0x08001d84        0x0 linker stubs

.v4_bx          0x08001d84        0x0
 .v4_bx         0x08001d84        0x0 linker stubs

.iplt           0x08001d84        0x0
 .iplt          0x08001d84        0x0 C:/Users/Maria Diaz/Documents/embebidos/STM32CubeIDE_1.19.0/STM32CubeIDE/plugins/com.st.stm32cube.ide.mcu.externaltools.gnu-tools-for-stm32.13.3.rel1.win32_1.0.0.202411081344/tools/bin/../lib/gcc/arm-none-eabi/13.3.1/thumb/v7-m/nofp/crtbegin.o

.rodata         0x08001d84       0x2c
                0x08001d84                        . = ALIGN (0x4)
 *(.rodata)
 *(.rodata*)
 .rodata.AHBPrescTable
                0x08001d84       0x10 ./Core/Src/system_stm32f1xx.o
                0x08001d84                AHBPrescTable
 .rodata.APBPrescTable
                0x08001d94        0x8 ./Core/Src/system_stm32f1xx.o
                0x08001d94                APBPrescTable
 .rodata.aPLLMULFactorTable.1
                0x08001d9c       0x10 ./Drivers/STM32F1xx_HAL_Driver/Src/stm32f1xx_hal_rcc.o
 .rodata.aPredivFactorTable.0
                0x08001dac        0x2 ./Drivers/STM32F1xx_HAL_Driver/Src/stm32f1xx_hal_rcc.o
                0x08001db0                        . = ALIGN (0x4)
 *fill*         0x08001dae        0x2 

.ARM.extab      0x08001db0        0x0
                0x08001db0                        . = ALIGN (0x4)
 *(.ARM.extab* .gnu.linkonce.armextab.*)
                0x08001db0                        . = ALIGN (0x4)

.ARM            0x08001db0        0x0
                0x08001db0                        . = ALIGN (0x4)
                0x08001db0                        __exidx_start = .
 *(.ARM.exidx*)
                0x08001db0                        __exidx_end = .
                0x08001db0                        . = ALIGN (0x4)

.preinit_array  0x08001db0        0x0
                0x08001db0                        . = ALIGN (0x4)
                0x08001db0                        PROVIDE (__preinit_array_start = .)
 *(.preinit_array*)
                0x08001db0                        PROVIDE (__preinit_array_end = .)
                0x08001db0                        . = ALIGN (0x4)

.init_array     0x08001db0        0x4
                0x08001db0                        . = ALIGN (0x4)
                0x08001db0                        PROVIDE (__init_array_start = .)
 *(SORT_BY_NAME(.init_array.*))
 *(.init_array*)
 .init_array    0x08001db0        0x4 C:/Users/Maria Diaz/Documents/embebidos/STM32CubeIDE_1.19.0/STM32CubeIDE/plugins/com.st.stm32cube.ide.mcu.externaltools.gnu-tools-for-stm32.13.3.rel1.win32_1.0.0.202411081344/tools/bin/../lib/gcc/arm-none-eabi/13.3.1/thumb/v7-m/nofp/crtbegin.o
                0x08001db4                        PROVIDE (__init_array_end = .)
                0x08001db4                        . = ALIGN (0x4)

.fini_array     0x08001db4        0x4
                0x08001db4                        . = ALIGN (0x4)
                [!provide]                        PROVIDE (__fini_array_start = .)
 *(SORT_BY_NAME(.fini_array.*))
 *(.fini_array*)
 .fini_array    0x08001db4        0x4 C:/Users/Maria Diaz/Documents/embebidos/STM32CubeIDE_1.19.0/STM32CubeIDE/plugins/com.st.stm32cube.ide.mcu.externaltools.gnu-tools-for-stm32.13.3.rel1.win32_1.0.0.202411081344/tools/bin/../lib/gcc/arm-none-eabi/13.3.1/thumb/v7-m/nofp/crtbegin.o
                [!provide]                        PROVIDE (__fini_array_end = .)
                0x08001db8                        . = ALIGN (0x4)
                0x08001db8                        _sidata = LOADADDR (.data)

.rel.dyn        0x08001db8        0x0
 .rel.iplt      0x08001db8        0x0 C:/Users/Maria Diaz/Documents/embebidos/STM32CubeIDE_1.19.0/STM32CubeIDE/plugins/com.st.stm32cube.ide.mcu.externaltools.gnu-tools-for-stm32.13.3.rel1.win32_1.0.0.202411081344/tools/bin/../lib/gcc/arm-none-eabi/13.3.1/thumb/v7-m/nofp/crtbegin.o

.data           0x20000000        0xc load address 0x08001db8
                0x20000000                        . = ALIGN (0x4)
                0x20000000                        _sdata = .
 *(.data)
 *(.data*)
 .data.SystemCoreClock
                0x20000000        0x4 ./Core/Src/system_stm32f1xx.o
                0x20000000                SystemCoreClock
 .data.uwTickPrio
                0x20000004        0x4 ./Drivers/STM32F1xx_HAL_Driver/Src/stm32f1xx_hal.o
                0x20000004                uwTickPrio
 .data.uwTickFreq
                0x20000008        0x1 ./Drivers/STM32F1xx_HAL_Driver/Src/stm32f1xx_hal.o
                0x20000008                uwTickFreq
 *(.RamFunc)
 *(.RamFunc*)
                0x2000000c                        . = ALIGN (0x4)
 *fill*         0x20000009        0x3 
                0x2000000c                        _edata = .

.igot.plt       0x2000000c        0x0 load address 0x08001dc4
 .igot.plt      0x2000000c        0x0 C:/Users/Maria Diaz/Documents/embebidos/STM32CubeIDE_1.19.0/STM32CubeIDE/plugins/com.st.stm32cube.ide.mcu.externaltools.gnu-tools-for-stm32.13.3.rel1.win32_1.0.0.202411081344/tools/bin/../lib/gcc/arm-none-eabi/13.3.1/thumb/v7-m/nofp/crtbegin.o
                0x2000000c                        . = ALIGN (0x4)

.bss            0x2000000c       0x9c load address 0x08001dc4
                0x2000000c                        _sbss = .
                0x2000000c                        __bss_start__ = _sbss
 *(.bss)
 .bss           0x2000000c       0x1c C:/Users/Maria Diaz/Documents/embebidos/STM32CubeIDE_1.19.0/STM32CubeIDE/plugins/com.st.stm32cube.ide.mcu.externaltools.gnu-tools-for-stm32.13.3.rel1.win32_1.0.0.202411081344/tools/bin/../lib/gcc/arm-none-eabi/13.3.1/thumb/v7-m/nofp/crtbegin.o
 *(.bss*)
 .bss.hadc1     0x20000028       0x30 ./Core/Src/main.o
                0x20000028                hadc1
 .bss.huart2    0x20000058       0x48 ./Core/Src/main.o
                0x20000058                huart2
 .bss.uwTick    0x200000a0        0x4 ./Drivers/STM32F1xx_HAL_Driver/Src/stm32f1xx_hal.o
                0x200000a0                uwTick
 .bss.current_mode
                0x200000a4        0x1 ./app/modes/mode_manager.o
 *(COMMON)
                0x200000a8                        . = ALIGN (0x4)
 *fill*         0x200000a5        0x3 
                0x200000a8                        _ebss = .
                0x200000a8                        __bss_end__ = _ebss

._user_heap_stack
                0x200000a8      0x600 load address 0x08001dc4
                0x200000a8                        . = ALIGN (0x8)
                [!provide]                        PROVIDE (end = .)
                0x200000a8                        PROVIDE (_end = .)
                0x200002a8                        . = (. + _Min_Heap_Size)
 *fill*         0x200000a8      0x200 
                0x200006a8                        . = (. + _Min_Stack_Size)
 *fill*         0x200002a8      0x400 
                0x200006a8                        . = ALIGN (0x8)

/DISCARD/
 libc.a(*)
 libm.a(*)
 libgcc.a(*)

.ARM.attributes
                0x00000000       0x29
 *(.ARM.attributes)
 .ARM.attributes
                0x00000000       0x1d C:/Users/Maria Diaz/Documents/embebidos/STM32CubeIDE_1.19.0/STM32CubeIDE/plugins/com.st.stm32cube.ide.mcu.externaltools.gnu-tools-for-stm32.13.3.rel1.win32_1.0.0.202411081344/tools/bin/../lib/gcc/arm-none-eabi/13.3.1/thumb/v7-m/nofp/crti.o
 .ARM.attributes
                0x0000001d       0x2d C:/Users/Maria Diaz/Documents/embebidos/STM32CubeIDE_1.19.0/STM32CubeIDE/plugins/com.st.stm32cube.ide.mcu.externaltools.gnu-tools-for-stm32.13.3.rel1.win32_1.0.0.202411081344/tools/bin/../lib/gcc/arm-none-eabi/13.3.1/thumb/v7-m/nofp/crtbegin.o
 .ARM.attributes
                0x0000004a       0x2d ./Core/Src/main.o
 .ARM.attributes
                0x00000077       0x2d ./Core/Src/stm32f1xx_hal_msp.o
 .ARM.attributes
                0x000000a4       0x2d ./Core/Src/stm32f1xx_it.o
 .ARM.attributes
                0x000000d1       0x2d ./Core/Src/system_stm32f1xx.o
 .ARM.attributes
                0x000000fe       0x21 ./Core/Startup/startup_stm32f103rbtx.o
 .ARM.attributes
                0x0000011f       0x2d ./Drivers/STM32F1xx_HAL_Driver/Src/stm32f1xx_hal.o
 .ARM.attributes
                0x0000014c       0x2d ./Drivers/STM32F1xx_HAL_Driver/Src/stm32f1xx_hal_adc.o
 .ARM.attributes
                0x00000179       0x2d ./Drivers/STM32F1xx_HAL_Driver/Src/stm32f1xx_hal_cortex.o
 .ARM.attributes
                0x000001a6       0x2d ./Drivers/STM32F1xx_HAL_Driver/Src/stm32f1xx_hal_gpio.o
 .ARM.attributes
                0x000001d3       0x2d ./Drivers/STM32F1xx_HAL_Driver/Src/stm32f1xx_hal_rcc.o
 .ARM.attributes
                0x00000200       0x2d ./Drivers/STM32F1xx_HAL_Driver/Src/stm32f1xx_hal_rcc_ex.o
 .ARM.attributes
                0x0000022d       0x2d ./Drivers/STM32F1xx_HAL_Driver/Src/stm32f1xx_hal_uart.o
 .ARM.attributes
                0x0000025a       0x2d ./app/app_main.o
 .ARM.attributes
                0x00000287       0x2d ./app/modes/mode_manager.o
 .ARM.attributes
                0x000002b4       0x2d ./hardware/buttons/dip_switch.o
 .ARM.attributes
                0x000002e1       0x2d C:/Users/Maria Diaz/Documents/embebidos/STM32CubeIDE_1.19.0/STM32CubeIDE/plugins/com.st.stm32cube.ide.mcu.externaltools.gnu-tools-for-stm32.13.3.rel1.win32_1.0.0.202411081344/tools/bin/../lib/gcc/arm-none-eabi/13.3.1/../../../../arm-none-eabi/lib/thumb/v7-m/nofp\libc_nano.a(libc_a-memset.o)
 .ARM.attributes
                0x0000030e       0x2d C:/Users/Maria Diaz/Documents/embebidos/STM32CubeIDE_1.19.0/STM32CubeIDE/plugins/com.st.stm32cube.ide.mcu.externaltools.gnu-tools-for-stm32.13.3.rel1.win32_1.0.0.202411081344/tools/bin/../lib/gcc/arm-none-eabi/13.3.1/../../../../arm-none-eabi/lib/thumb/v7-m/nofp\libc_nano.a(libc_a-init.o)
 .ARM.attributes
                0x0000033b       0x1d C:/Users/Maria Diaz/Documents/embebidos/STM32CubeIDE_1.19.0/STM32CubeIDE/plugins/com.st.stm32cube.ide.mcu.externaltools.gnu-tools-for-stm32.13.3.rel1.win32_1.0.0.202411081344/tools/bin/../lib/gcc/arm-none-eabi/13.3.1/thumb/v7-m/nofp/crtn.o
OUTPUT(tdse-tf.elf elf32-littlearm)
LOAD linker stubs
LOAD C:/Users/Maria Diaz/Documents/embebidos/STM32CubeIDE_1.19.0/STM32CubeIDE/plugins/com.st.stm32cube.ide.mcu.externaltools.gnu-tools-for-stm32.13.3.rel1.win32_1.0.0.202411081344/tools/bin/../lib/gcc/arm-none-eabi/13.3.1/../../../../arm-none-eabi/lib/thumb/v7-m/nofp\libc.a
LOAD C:/Users/Maria Diaz/Documents/embebidos/STM32CubeIDE_1.19.0/STM32CubeIDE/plugins/com.st.stm32cube.ide.mcu.externaltools.gnu-tools-for-stm32.13.3.rel1.win32_1.0.0.202411081344/tools/bin/../lib/gcc/arm-none-eabi/13.3.1/../../../../arm-none-eabi/lib/thumb/v7-m/nofp\libm.a
LOAD C:/Users/Maria Diaz/Documents/embebidos/STM32CubeIDE_1.19.0/STM32CubeIDE/plugins/com.st.stm32cube.ide.mcu.externaltools.gnu-tools-for-stm32.13.3.rel1.win32_1.0.0.202411081344/tools/bin/../lib/gcc/arm-none-eabi/13.3.1/thumb/v7-m/nofp\libgcc.a

.debug_info     0x00000000     0x7e04
 .debug_info    0x00000000      0xeba ./Core/Src/main.o
 .debug_info    0x00000eba      0xa9c ./Core/Src/stm32f1xx_hal_msp.o
 .debug_info    0x00001956      0x14b ./Core/Src/stm32f1xx_it.o
 .debug_info    0x00001aa1      0x222 ./Core/Src/system_stm32f1xx.o
 .debug_info    0x00001cc3       0x30 ./Core/Startup/startup_stm32f103rbtx.o
 .debug_info    0x00001cf3      0x704 ./Drivers/STM32F1xx_HAL_Driver/Src/stm32f1xx_hal.o
 .debug_info    0x000023f7      0xc50 ./Drivers/STM32F1xx_HAL_Driver/Src/stm32f1xx_hal_adc.o
 .debug_info    0x00003047      0xa87 ./Drivers/STM32F1xx_HAL_Driver/Src/stm32f1xx_hal_cortex.o
 .debug_info    0x00003ace      0x5ab ./Drivers/STM32F1xx_HAL_Driver/Src/stm32f1xx_hal_gpio.o
 .debug_info    0x00004079      0x7d5 ./Drivers/STM32F1xx_HAL_Driver/Src/stm32f1xx_hal_rcc.o
 .debug_info    0x0000484e      0x3c0 ./Drivers/STM32F1xx_HAL_Driver/Src/stm32f1xx_hal_rcc_ex.o
 .debug_info    0x00004c0e     0x2eed ./Drivers/STM32F1xx_HAL_Driver/Src/stm32f1xx_hal_uart.o
 .debug_info    0x00007afb       0x60 ./app/app_main.o
 .debug_info    0x00007b5b      0x10a ./app/modes/mode_manager.o
 .debug_info    0x00007c65      0x19f ./hardware/buttons/dip_switch.o

.debug_abbrev   0x00000000     0x185e
 .debug_abbrev  0x00000000      0x29e ./Core/Src/main.o
 .debug_abbrev  0x0000029e      0x1ab ./Core/Src/stm32f1xx_hal_msp.o
 .debug_abbrev  0x00000449       0xa0 ./Core/Src/stm32f1xx_it.o
 .debug_abbrev  0x000004e9      0x13f ./Core/Src/system_stm32f1xx.o
 .debug_abbrev  0x00000628       0x24 ./Core/Startup/startup_stm32f103rbtx.o
 .debug_abbrev  0x0000064c      0x201 ./Drivers/STM32F1xx_HAL_Driver/Src/stm32f1xx_hal.o
 .debug_abbrev  0x0000084d      0x225 ./Drivers/STM32F1xx_HAL_Driver/Src/stm32f1xx_hal_adc.o
 .debug_abbrev  0x00000a72      0x2f8 ./Drivers/STM32F1xx_HAL_Driver/Src/stm32f1xx_hal_cortex.o
 .debug_abbrev  0x00000d6a      0x1ca ./Drivers/STM32F1xx_HAL_Driver/Src/stm32f1xx_hal_gpio.o
 .debug_abbrev  0x00000f34      0x2b3 ./Drivers/STM32F1xx_HAL_Driver/Src/stm32f1xx_hal_rcc.o
 .debug_abbrev  0x000011e7      0x188 ./Drivers/STM32F1xx_HAL_Driver/Src/stm32f1xx_hal_rcc_ex.o
 .debug_abbrev  0x0000136f      0x2f8 ./Drivers/STM32F1xx_HAL_Driver/Src/stm32f1xx_hal_uart.o
 .debug_abbrev  0x00001667       0x50 ./app/app_main.o
 .debug_abbrev  0x000016b7       0xb2 ./app/modes/mode_manager.o
 .debug_abbrev  0x00001769       0xf5 ./hardware/buttons/dip_switch.o

.debug_aranges  0x00000000      0x7a0
 .debug_aranges
                0x00000000       0x48 ./Core/Src/main.o
 .debug_aranges
                0x00000048       0x40 ./Core/Src/stm32f1xx_hal_msp.o
 .debug_aranges
                0x00000088       0x68 ./Core/Src/stm32f1xx_it.o
 .debug_aranges
                0x000000f0       0x28 ./Core/Src/system_stm32f1xx.o
 .debug_aranges
                0x00000118       0x28 ./Core/Startup/startup_stm32f103rbtx.o
 .debug_aranges
                0x00000140       0xe0 ./Drivers/STM32F1xx_HAL_Driver/Src/stm32f1xx_hal.o
 .debug_aranges
                0x00000220       0xf0 ./Drivers/STM32F1xx_HAL_Driver/Src/stm32f1xx_hal_adc.o
 .debug_aranges
                0x00000310      0x100 ./Drivers/STM32F1xx_HAL_Driver/Src/stm32f1xx_hal_cortex.o
 .debug_aranges
                0x00000410       0x58 ./Drivers/STM32F1xx_HAL_Driver/Src/stm32f1xx_hal_gpio.o
 .debug_aranges
                0x00000468       0x90 ./Drivers/STM32F1xx_HAL_Driver/Src/stm32f1xx_hal_rcc.o
 .debug_aranges
                0x000004f8       0x30 ./Drivers/STM32F1xx_HAL_Driver/Src/stm32f1xx_hal_rcc_ex.o
 .debug_aranges
                0x00000528      0x208 ./Drivers/STM32F1xx_HAL_Driver/Src/stm32f1xx_hal_uart.o
 .debug_aranges
                0x00000730       0x28 ./app/app_main.o
 .debug_aranges
                0x00000758       0x28 ./app/modes/mode_manager.o
 .debug_aranges
                0x00000780       0x20 ./hardware/buttons/dip_switch.o

.debug_rnglists
                0x00000000      0x5c1
 .debug_rnglists
                0x00000000       0x33 ./Core/Src/main.o
 .debug_rnglists
                0x00000033       0x2b ./Core/Src/stm32f1xx_hal_msp.o
 .debug_rnglists
                0x0000005e       0x49 ./Core/Src/stm32f1xx_it.o
 .debug_rnglists
                0x000000a7       0x1a ./Core/Src/system_stm32f1xx.o
 .debug_rnglists
                0x000000c1       0x19 ./Core/Startup/startup_stm32f103rbtx.o
 .debug_rnglists
                0x000000da       0xa3 ./Drivers/STM32F1xx_HAL_Driver/Src/stm32f1xx_hal.o
 .debug_rnglists
                0x0000017d       0xbc ./Drivers/STM32F1xx_HAL_Driver/Src/stm32f1xx_hal_adc.o
 .debug_rnglists
                0x00000239       0xbb ./Drivers/STM32F1xx_HAL_Driver/Src/stm32f1xx_hal_cortex.o
 .debug_rnglists
                0x000002f4       0x3f ./Drivers/STM32F1xx_HAL_Driver/Src/stm32f1xx_hal_gpio.o
 .debug_rnglists
                0x00000333       0x6c ./Drivers/STM32F1xx_HAL_Driver/Src/stm32f1xx_hal_rcc.o
 .debug_rnglists
                0x0000039f       0x21 ./Drivers/STM32F1xx_HAL_Driver/Src/stm32f1xx_hal_rcc_ex.o
 .debug_rnglists
                0x000003c0      0x1bc ./Drivers/STM32F1xx_HAL_Driver/Src/stm32f1xx_hal_uart.o
 .debug_rnglists
                0x0000057c       0x19 ./app/app_main.o
 .debug_rnglists
                0x00000595       0x19 ./app/modes/mode_manager.o
 .debug_rnglists
                0x000005ae       0x13 ./hardware/buttons/dip_switch.o

.debug_macro    0x00000000    0x175bb
 .debug_macro   0x00000000      0x2bd ./Core/Src/main.o
 .debug_macro   0x000002bd      0xacc ./Core/Src/main.o
 .debug_macro   0x00000d89      0x21b ./Core/Src/main.o
 .debug_macro   0x00000fa4       0x2e ./Core/Src/main.o
 .debug_macro   0x00000fd2       0x22 ./Core/Src/main.o
 .debug_macro   0x00000ff4       0x22 ./Core/Src/main.o
 .debug_macro   0x00001016       0x8e ./Core/Src/main.o
 .debug_macro   0x000010a4       0x51 ./Core/Src/main.o
 .debug_macro   0x000010f5      0x103 ./Core/Src/main.o
 .debug_macro   0x000011f8       0x6a ./Core/Src/main.o
 .debug_macro   0x00001262      0x1df ./Core/Src/main.o
 .debug_macro   0x00001441       0x1c ./Core/Src/main.o
 .debug_macro   0x0000145d       0x22 ./Core/Src/main.o
 .debug_macro   0x0000147f       0xbd ./Core/Src/main.o
 .debug_macro   0x0000153c      0xd23 ./Core/Src/main.o
 .debug_macro   0x0000225f     0xe09e ./Core/Src/main.o
 .debug_macro   0x000102fd       0x6d ./Core/Src/main.o
 .debug_macro   0x0001036a     0x34a2 ./Core/Src/main.o
 .debug_macro   0x0001380c      0x190 ./Core/Src/main.o
 .debug_macro   0x0001399c       0x5c ./Core/Src/main.o
 .debug_macro   0x000139f8      0x5bc ./Core/Src/main.o
 .debug_macro   0x00013fb4      0x289 ./Core/Src/main.o
 .debug_macro   0x0001423d      0x1cb ./Core/Src/main.o
 .debug_macro   0x00014408      0x114 ./Core/Src/main.o
 .debug_macro   0x0001451c      0x1b2 ./Core/Src/main.o
 .debug_macro   0x000146ce       0x27 ./Core/Src/main.o
 .debug_macro   0x000146f5      0x136 ./Core/Src/main.o
 .debug_macro   0x0001482b      0x1bc ./Core/Src/main.o
 .debug_macro   0x000149e7       0x34 ./Core/Src/main.o
 .debug_macro   0x00014a1b       0x3c ./Core/Src/main.o
 .debug_macro   0x00014a57       0x57 ./Core/Src/main.o
 .debug_macro   0x00014aae      0x46a ./Core/Src/main.o
 .debug_macro   0x00014f18      0x1b5 ./Core/Src/main.o
 .debug_macro   0x000150cd       0x87 ./Core/Src/main.o
 .debug_macro   0x00015154      0x240 ./Core/Src/main.o
 .debug_macro   0x00015394      0x140 ./Core/Src/main.o
 .debug_macro   0x000154d4      0x28e ./Core/Src/main.o
 .debug_macro   0x00015762       0x83 ./Core/Src/main.o
 .debug_macro   0x000157e5       0x82 ./Core/Src/main.o
 .debug_macro   0x00015867       0x61 ./Core/Src/main.o
 .debug_macro   0x000158c8       0x24 ./Core/Src/main.o
 .debug_macro   0x000158ec       0x43 ./Core/Src/main.o
 .debug_macro   0x0001592f       0x34 ./Core/Src/main.o
 .debug_macro   0x00015963       0x16 ./Core/Src/main.o
 .debug_macro   0x00015979       0x3c ./Core/Src/main.o
 .debug_macro   0x000159b5      0x370 ./Core/Src/main.o
 .debug_macro   0x00015d25       0x10 ./Core/Src/main.o
 .debug_macro   0x00015d35       0x16 ./Core/Src/main.o
 .debug_macro   0x00015d4b       0x4a ./Core/Src/main.o
 .debug_macro   0x00015d95       0x34 ./Core/Src/main.o
 .debug_macro   0x00015dc9       0x10 ./Core/Src/main.o
 .debug_macro   0x00015dd9       0x58 ./Core/Src/main.o
 .debug_macro   0x00015e31       0x8e ./Core/Src/main.o
 .debug_macro   0x00015ebf       0x1c ./Core/Src/main.o
 .debug_macro   0x00015edb      0x185 ./Core/Src/main.o
 .debug_macro   0x00016060       0x16 ./Core/Src/main.o
 .debug_macro   0x00016076       0x16 ./Core/Src/main.o
 .debug_macro   0x0001608c      0x146 ./Core/Src/main.o
 .debug_macro   0x000161d2       0x16 ./Core/Src/main.o
 .debug_macro   0x000161e8       0x20 ./Core/Src/main.o
 .debug_macro   0x00016208      0x1b1 ./Core/Src/stm32f1xx_hal_msp.o
 .debug_macro   0x000163b9      0x1bb ./Core/Src/stm32f1xx_it.o
 .debug_macro   0x00016574      0x1a2 ./Core/Src/system_stm32f1xx.o
 .debug_macro   0x00016716      0x1c6 ./Drivers/STM32F1xx_HAL_Driver/Src/stm32f1xx_hal.o
 .debug_macro   0x000168dc      0x1bf ./Drivers/STM32F1xx_HAL_Driver/Src/stm32f1xx_hal_adc.o
 .debug_macro   0x00016a9b      0x1a2 ./Drivers/STM32F1xx_HAL_Driver/Src/stm32f1xx_hal_cortex.o
 .debug_macro   0x00016c3d      0x20d ./Drivers/STM32F1xx_HAL_Driver/Src/stm32f1xx_hal_gpio.o
 .debug_macro   0x00016e4a      0x1b4 ./Drivers/STM32F1xx_HAL_Driver/Src/stm32f1xx_hal_rcc.o
 .debug_macro   0x00016ffe      0x1a2 ./Drivers/STM32F1xx_HAL_Driver/Src/stm32f1xx_hal_rcc_ex.o
 .debug_macro   0x000171a0      0x1a3 ./Drivers/STM32F1xx_HAL_Driver/Src/stm32f1xx_hal_uart.o
 .debug_macro   0x00017343       0x1f ./app/app_main.o
 .debug_macro   0x00017362       0x89 ./app/modes/mode_manager.o
 .debug_macro   0x000173eb      0x1d0 ./hardware/buttons/dip_switch.o

.debug_line     0x00000000     0x9870
 .debug_line    0x00000000      0xa11 ./Core/Src/main.o
 .debug_line    0x00000a11      0x784 ./Core/Src/stm32f1xx_hal_msp.o
 .debug_line    0x00001195      0x7bb ./Core/Src/stm32f1xx_it.o
 .debug_line    0x00001950      0x773 ./Core/Src/system_stm32f1xx.o
 .debug_line    0x000020c3       0x78 ./Core/Startup/startup_stm32f103rbtx.o
 .debug_line    0x0000213b      0x9a4 ./Drivers/STM32F1xx_HAL_Driver/Src/stm32f1xx_hal.o
 .debug_line    0x00002adf      0xfc9 ./Drivers/STM32F1xx_HAL_Driver/Src/stm32f1xx_hal_adc.o
 .debug_line    0x00003aa8      0xb6e ./Drivers/STM32F1xx_HAL_Driver/Src/stm32f1xx_hal_cortex.o
 .debug_line    0x00004616      0xa01 ./Drivers/STM32F1xx_HAL_Driver/Src/stm32f1xx_hal_gpio.o
 .debug_line    0x00005017      0xe5d ./Drivers/STM32F1xx_HAL_Driver/Src/stm32f1xx_hal_rcc.o
 .debug_line    0x00005e74      0x90e ./Drivers/STM32F1xx_HAL_Driver/Src/stm32f1xx_hal_rcc_ex.o
 .debug_line    0x00006782     0x24c0 ./Drivers/STM32F1xx_HAL_Driver/Src/stm32f1xx_hal_uart.o
 .debug_line    0x00008c42       0x8b ./app/app_main.o
 .debug_line    0x00008ccd      0x47f ./app/modes/mode_manager.o
 .debug_line    0x0000914c      0x724 ./hardware/buttons/dip_switch.o

.debug_str      0x00000000    0x86eb3
 .debug_str     0x00000000    0x86eb3 ./Core/Src/main.o
                              0x85985 (size before relaxing)
 .debug_str     0x00086eb3    0x81bf3 ./Core/Src/stm32f1xx_hal_msp.o
 .debug_str     0x00086eb3    0x81671 ./Core/Src/stm32f1xx_it.o
 .debug_str     0x00086eb3    0x81458 ./Core/Src/system_stm32f1xx.o
 .debug_str     0x00086eb3       0x84 ./Core/Startup/startup_stm32f103rbtx.o
 .debug_str     0x00086eb3    0x81b8b ./Drivers/STM32F1xx_HAL_Driver/Src/stm32f1xx_hal.o
 .debug_str     0x00086eb3    0x81b3c ./Drivers/STM32F1xx_HAL_Driver/Src/stm32f1xx_hal_adc.o
 .debug_str     0x00086eb3    0x81ad7 ./Drivers/STM32F1xx_HAL_Driver/Src/stm32f1xx_hal_cortex.o
 .debug_str     0x00086eb3    0x817de ./Drivers/STM32F1xx_HAL_Driver/Src/stm32f1xx_hal_gpio.o
 .debug_str     0x00086eb3    0x81887 ./Drivers/STM32F1xx_HAL_Driver/Src/stm32f1xx_hal_rcc.o
 .debug_str     0x00086eb3    0x815d7 ./Drivers/STM32F1xx_HAL_Driver/Src/stm32f1xx_hal_rcc_ex.o
 .debug_str     0x00086eb3    0x81ef8 ./Drivers/STM32F1xx_HAL_Driver/Src/stm32f1xx_hal_uart.o
 .debug_str     0x00086eb3     0x2e7b ./app/app_main.o
 .debug_str     0x00086eb3     0x3e3b ./app/modes/mode_manager.o
 .debug_str     0x00086eb3    0x814ab ./hardware/buttons/dip_switch.o

.comment        0x00000000       0x43
 .comment       0x00000000       0x43 ./Core/Src/main.o
                                 0x44 (size before relaxing)
 .comment       0x00000043       0x44 ./Core/Src/stm32f1xx_hal_msp.o
 .comment       0x00000043       0x44 ./Core/Src/stm32f1xx_it.o
 .comment       0x00000043       0x44 ./Core/Src/system_stm32f1xx.o
 .comment       0x00000043       0x44 ./Drivers/STM32F1xx_HAL_Driver/Src/stm32f1xx_hal.o
 .comment       0x00000043       0x44 ./Drivers/STM32F1xx_HAL_Driver/Src/stm32f1xx_hal_adc.o
 .comment       0x00000043       0x44 ./Drivers/STM32F1xx_HAL_Driver/Src/stm32f1xx_hal_cortex.o
 .comment       0x00000043       0x44 ./Drivers/STM32F1xx_HAL_Driver/Src/stm32f1xx_hal_gpio.o
 .comment       0x00000043       0x44 ./Drivers/STM32F1xx_HAL_Driver/Src/stm32f1xx_hal_rcc.o
 .comment       0x00000043       0x44 ./Drivers/STM32F1xx_HAL_Driver/Src/stm32f1xx_hal_rcc_ex.o
 .comment       0x00000043       0x44 ./Drivers/STM32F1xx_HAL_Driver/Src/stm32f1xx_hal_uart.o
 .comment       0x00000043       0x44 ./app/app_main.o
 .comment       0x00000043       0x44 ./app/modes/mode_manager.o
 .comment       0x00000043       0x44 ./hardware/buttons/dip_switch.o

.debug_frame    0x00000000     0x1cb8
 .debug_frame   0x00000000       0xcc ./Core/Src/main.o
 .debug_frame   0x000000cc       0xc8 ./Core/Src/stm32f1xx_hal_msp.o
 .debug_frame   0x00000194      0x120 ./Core/Src/stm32f1xx_it.o
 .debug_frame   0x000002b4       0x58 ./Core/Src/system_stm32f1xx.o
 .debug_frame   0x0000030c      0x334 ./Drivers/STM32F1xx_HAL_Driver/Src/stm32f1xx_hal.o
 .debug_frame   0x00000640      0x40c ./Drivers/STM32F1xx_HAL_Driver/Src/stm32f1xx_hal_adc.o
 .debug_frame   0x00000a4c      0x428 ./Drivers/STM32F1xx_HAL_Driver/Src/stm32f1xx_hal_cortex.o
 .debug_frame   0x00000e74      0x14c ./Drivers/STM32F1xx_HAL_Driver/Src/stm32f1xx_hal_gpio.o
 .debug_frame   0x00000fc0      0x218 ./Drivers/STM32F1xx_HAL_Driver/Src/stm32f1xx_hal_rcc.o
 .debug_frame   0x000011d8       0x80 ./Drivers/STM32F1xx_HAL_Driver/Src/stm32f1xx_hal_rcc_ex.o
 .debug_frame   0x00001258      0x944 ./Drivers/STM32F1xx_HAL_Driver/Src/stm32f1xx_hal_uart.o
 .debug_frame   0x00001b9c       0x48 ./app/app_main.o
 .debug_frame   0x00001be4       0x54 ./app/modes/mode_manager.o
 .debug_frame   0x00001c38       0x34 ./hardware/buttons/dip_switch.o
 .debug_frame   0x00001c6c       0x20 C:/Users/Maria Diaz/Documents/embebidos/STM32CubeIDE_1.19.0/STM32CubeIDE/plugins/com.st.stm32cube.ide.mcu.externaltools.gnu-tools-for-stm32.13.3.rel1.win32_1.0.0.202411081344/tools/bin/../lib/gcc/arm-none-eabi/13.3.1/../../../../arm-none-eabi/lib/thumb/v7-m/nofp\libc_nano.a(libc_a-memset.o)
 .debug_frame   0x00001c8c       0x2c C:/Users/Maria Diaz/Documents/embebidos/STM32CubeIDE_1.19.0/STM32CubeIDE/plugins/com.st.stm32cube.ide.mcu.externaltools.gnu-tools-for-stm32.13.3.rel1.win32_1.0.0.202411081344/tools/bin/../lib/gcc/arm-none-eabi/13.3.1/../../../../arm-none-eabi/lib/thumb/v7-m/nofp\libc_nano.a(libc_a-init.o)

.debug_line_str
                0x00000000       0x68
 .debug_line_str
                0x00000000       0x68 ./Core/Startup/startup_stm32f103rbtx.o
