../Core/Src/main.c:89:5:main	8	static
../Core/Src/main.c:160:6:SystemClock_Config	88	static
../Core/Src/main.c:206:13:MX_ADC1_Init	24	static
../Core/Src/main.c:253:13:MX_TIM2_Init	32	static
../Core/Src/main.c:298:13:MX_TIM3_Init	64	static
../Core/Src/main.c:357:13:MX_USART1_UART_Init	8	static
../Core/Src/main.c:390:13:MX_GPIO_Init	40	static
../Core/Src/main.c:460:6:HAL_UART_RxCpltCallback	16	static
../Core/Src/main.c:470:6:HAL_TIM_PeriodElapsedCallback	24	static
../Core/Src/main.c:484:6:HAL_GPIO_EXTI_Callback	16	static
../Core/Src/main.c:497:6:Error_Handler	4	static,ignoring_inline_asm
