../Core/Src/main.c:87:5:main	8	static
../Core/Src/main.c:144:6:SystemClock_Config	88	static
../Core/Src/main.c:190:13:MX_ADC1_Init	24	static
../Core/Src/main.c:237:13:MX_TIM2_Init	32	static
../Core/Src/main.c:282:13:MX_TIM3_Init	64	static
../Core/Src/main.c:341:13:MX_USART1_UART_Init	8	static
../Core/Src/main.c:374:13:MX_GPIO_Init	40	static
../Core/Src/main.c:435:6:HAL_UART_RxCpltCallback	16	static
../Core/Src/main.c:445:6:HAL_TIM_PeriodElapsedCallback	24	static
../Core/Src/main.c:467:6:Error_Handler	4	static,ignoring_inline_asm
