../Core/Src/main.c:89:5:main	8	static
../Core/Src/main.c:159:6:SystemClock_Config	88	static
../Core/Src/main.c:205:13:MX_ADC1_Init	24	static
../Core/Src/main.c:252:13:MX_TIM2_Init	32	static
../Core/Src/main.c:297:13:MX_TIM3_Init	64	static
../Core/Src/main.c:356:13:MX_USART1_UART_Init	8	static
../Core/Src/main.c:389:13:MX_GPIO_Init	40	static
../Core/Src/main.c:459:6:HAL_UART_RxCpltCallback	16	static
../Core/Src/main.c:469:6:HAL_TIM_PeriodElapsedCallback	24	static
../Core/Src/main.c:483:6:HAL_GPIO_EXTI_Callback	16	static
../Core/Src/main.c:497:6:Error_Handler	4	static,ignoring_inline_asm
